[www.psuigsa.com/accommodation.html]
[www.psuigsa.com/index.html]
[www.psuigsa.com/t.1.delayed]
[www.psuigsa.com/e.2.delayed]
[backblue.gif]
[fade.gif]
[index.html]
[www.psuigsa.com/about.html]
[www.psuigsa.com/services-4.html]
[www.psuigsa.com/services-4-1.html]
[www.psuigsa.com/flights.html]
[www.psuigsa.com/services-4-2.html]
[www.psuigsa.com/events.html]
[www.psuigsa.com/api/index.html]
[www.psuigsa.com/envelope/index.html]
[www.psuigsa.com/temporary-accommodation-request.html]
[www.psuigsa.com/sitemap.xml]
[www.psuigsa.com/feed.b.delayed]
[www.psuigsa.com/decodeURIComponent(e.c.delayed]
[www.psuigsa.com/accommodation.html]
[www.psuigsa.com/index.html]
[www.psuigsa.com/t.html]
[www.psuigsa.com/e.html]
[www.psuigsa.com/_https_/i.ytimg.com/vi/bLxp_jhpXNQ/mqdefault.e.delayed]
[www.psuigsa.com/about-us.html]
[www.psuigsa.com/_https_/i.ytimg.com/vi/kJ5tUydGvKo/mqdefault.f.delayed]
[www.psuigsa.com/_https_/i.ytimg.com/vi/60PG4ri7hc8/mqdefault.10.delayed]
[www.psuigsa.com/_https_/i.ytimg.com/vi/f8uqRxdNnA0/mqdefault.11.delayed]
[www.psuigsa.com/_https_/i.ytimg.com/vi/g2w2FIg-ZkI/mqdefault.12.delayed]
[www.psuigsa.com/about.html]
[www.psuigsa.com/services-4.html]
[www.psuigsa.com/essentials.html]
[www.psuigsa.com/services-4-1.html]
[www.psuigsa.com/flights.html]
[www.psuigsa.com/departure-checklist.html]
[www.psuigsa.com/useful-cell-phone-apps.html]
[www.psuigsa.com/travel-to-state-college.html]
[www.psuigsa.com/transportation.html]
[www.psuigsa.com/getting-a-us-phone-number.html]
[www.psuigsa.com/services-4-2.html]
[www.psuigsa.com/opening-a-us-bank-account.html]
[www.psuigsa.com/the-campus-tour.html]
[www.psuigsa.com/fall-mixer.html]
[www.psuigsa.com/breakzone.html]
[www.psuigsa.com/durga-puja.html]
[www.psuigsa.com/diwali-mela.html]
[www.psuigsa.com/pongal.html]
[www.psuigsa.com/jashn.html]
[www.psuigsa.com/holi-celebrations.html]
[www.psuigsa.com/events.html]
[www.psuigsa.com/temporary-accommodation-request.html]
[www.psuigsa.com/api/index.html]
[www.psuigsa.com/envelope/index.html]
[www.psuigsa.com/feed.html]
[www.psuigsa.com/decodeURIComponent(e.html]
[www.psuigsa.com/about-us.html]
[www.psuigsa.com/_https_/i.ytimg.com/vi/bLxp_jhpXNQ/mqdefault.html]
[www.psuigsa.com/_https_/i.ytimg.com/vi/kJ5tUydGvKo/mqdefault.html]
[www.psuigsa.com/_https_/i.ytimg.com/vi/60PG4ri7hc8/mqdefault.html]
[www.psuigsa.com/_https_/i.ytimg.com/vi/f8uqRxdNnA0/mqdefault.html]
[www.psuigsa.com/_https_/i.ytimg.com/vi/g2w2FIg-ZkI/mqdefault.html]
[www.psuigsa.com/essentials.html]
[www.psuigsa.com/annual-fundraiser-dinner.html]
[www.psuigsa.com/departure-checklist.html]
[www.psuigsa.com/useful-cell-phone-apps.html]
[www.psuigsa.com/travel-to-state-college.html]
[www.psuigsa.com/transportation.html]
[www.psuigsa.com/getting-a-us-phone-number.html]
[www.psuigsa.com/opening-a-us-bank-account.html]
[www.psuigsa.com/the-campus-tour.html]
[www.psuigsa.com/fall-mixer.html]
[www.psuigsa.com/breakzone.html]
[www.psuigsa.com/durga-puja.html]
[www.psuigsa.com/diwali-mela.html]
[www.psuigsa.com/pongal.html]
[www.psuigsa.com/jashn.html]
[www.psuigsa.com/holi-celebrations.html]
[www.psuigsa.com/annual-fundraiser-dinner.html]
[www.psuigsa.com/quick-tips.html]
[www.psuigsa.com/quick-tips.html]
